// Jest Snapshot v1, https://goo.gl/fbAQLP

exports[`DetourListPage renders detour list page 1`] = `
<body>
  <div>
    <div
      class="c-detour-list-page h-100 overflow-y-auto p-0 p-md-4 bg-white"
    >
      <table
        class="c-detours-table table table-hover"
      >
        <thead
          class="u-hide-for-mobile"
        >
          <tr>
            <th
              class="px-3 py-4"
            >
              Route and direction
            </th>
            <th
              class="px-3 py-4 u-hide-for-mobile"
            >
              Starting Intersection
            </th>
            <th
              class="px-3 py-4 u-hide-for-mobile"
            >
              On detour since
            </th>
          </tr>
        </thead>
        <tbody>
          <tr>
            <td
              class="align-middle p-3"
            >
              <div
                class="d-flex"
              >
                <div
                  class="c-route-pill c-route-pill--bus"
                >
                  1
                </div>
                <div
                  class="c-detours-table__route-info-text d-inline-block"
                >
                  <div
                    class="pb-1 fs-4 fw-semibold"
                  >
                    Headsign A
                  </div>
                  <div
                    class="c-detours-table__route-info-direction fs-6"
                  >
                    Inbound
                  </div>
                </div>
              </div>
            </td>
            <td
              class="align-middle p-3 u-hide-for-mobile"
            >
              Street A & Avenue B
            </td>
            <td
              class="align-middle p-3 u-hide-for-mobile"
            >
              26 hours ago
            </td>
          </tr>
          <tr>
            <td
              class="align-middle p-3"
            >
              <div
                class="d-flex"
              >
                <div
                  class="c-route-pill c-route-pill--bus"
                >
                  2
                </div>
                <div
                  class="c-detours-table__route-info-text d-inline-block"
                >
                  <div
                    class="pb-1 fs-4 fw-semibold"
                  >
                    Headsign B
                  </div>
                  <div
                    class="c-detours-table__route-info-direction fs-6"
                  >
                    Outbound
                  </div>
                </div>
              </div>
            </td>
            <td
              class="align-middle p-3 u-hide-for-mobile"
            >
              Street C & Avenue D
            </td>
            <td
              class="align-middle p-3 u-hide-for-mobile"
            >
              29 hours ago
            </td>
          </tr>
        </tbody>
      </table>
      <table
        class="c-detours-table table table-hover"
      >
        <thead
          class="u-hide-for-mobile"
        >
          <tr>
            <th
              class="px-3 py-4"
            >
              Route and direction
            </th>
            <th
              class="px-3 py-4 u-hide-for-mobile"
            >
              Starting Intersection
            </th>
            <th
              class="px-3 py-4 u-hide-for-mobile"
            >
              On detour since
            </th>
          </tr>
        </thead>
        <tbody>
          <tr>
            <td
              class="align-middle p-3"
            >
              <div
                class="d-flex"
              >
                <div
                  class="c-route-pill c-route-pill--bus"
                >
                  1
                </div>
                <div
                  class="c-detours-table__route-info-text d-inline-block"
                >
                  <div
                    class="pb-1 fs-4 fw-semibold"
                  >
                    Headsign A
                  </div>
                  <div
                    class="c-detours-table__route-info-direction fs-6"
                  >
                    Inbound
                  </div>
                </div>
              </div>
            </td>
            <td
              class="align-middle p-3 u-hide-for-mobile"
            >
              Street E & Avenue F
            </td>
            <td
              class="align-middle p-3 u-hide-for-mobile"
            >
              26 hours ago
            </td>
          </tr>
          <tr>
            <td
              class="align-middle p-3"
            >
              <div
                class="d-flex"
              >
                <div
                  class="c-route-pill c-route-pill--bus"
                >
                  1
                </div>
                <div
                  class="c-detours-table__route-info-text d-inline-block"
                >
                  <div
                    class="pb-1 fs-4 fw-semibold"
                  >
                    Headsign Z
                  </div>
                  <div
                    class="c-detours-table__route-info-direction fs-6"
                  >
                    Outbound
                  </div>
                </div>
              </div>
            </td>
            <td
              class="align-middle p-3 u-hide-for-mobile"
            >
              Street C & Avenue D
            </td>
            <td
              class="align-middle p-3 u-hide-for-mobile"
            >
              26 hours ago
            </td>
          </tr>
        </tbody>
      </table>
    </div>
  </div>
</body>
`;
