// Jest Snapshot v1, https://goo.gl/fbAQLP

exports[`HeadwayLines renders 1`] = `
<g
  className="m-ladder__headway-lines"
>
  <line
    className="m-ladder__line
                  m-ladder__headway-line
                  m-ladder__headway-line--gapped"
    id="3"
    x1={-40}
    x2={-40}
    y1={800}
    y2={300}
  />
  <line
    className="m-ladder__line
                  m-ladder__headway-line
                  m-ladder__headway-line--bunched"
    id="2"
    x1={40}
    x2={40}
    y1={0}
    y2={100}
  />
  <line
    className="m-ladder__line
                  m-ladder__headway-line
                  m-ladder__headway-line--ok"
    id="1"
    x1={40}
    x2={40}
    y1={100}
    y2={1}
  />
</g>
`;
