// Jest Snapshot v1, https://goo.gl/fbAQLP

exports[`ladder highlights a selected vehicle 1`] = `
<div
  className="m-ladder"
>
  <svg
    className="m-ladder__svg"
    height={500}
    viewBox="-92 -40 184 500"
    width={184}
  >
    0
    <g>
      <line
        className="m-ladder__scheduled-line on-time"
        x1={-63}
        x2={-40}
        y1={262.5}
        y2={262.5}
      />
    </g>
    <g>
      <g
        className="m-ladder__vehicle on-time selected"
        onClick={[Function]}
        transform="translate(63,315)"
      >
        <g
          className="m-vehicle-icon m-vehicle-icon--medium"
        >
          <rect
            className="m-vehicle-icon__label-background"
            height={11}
            rx={5.5}
            ry={5.5}
            width={26}
            x={-13}
            y={11.5}
          />
          <text
            className="m-vehicle-icon__label"
            dominantBaseline="central"
            textAnchor="middle"
            x="0"
            y={17}
          >
            upward
          </text>
          <path
            className="m-vehicle-icon__triangle"
            d="m27.34 9.46 16.84 24.54a4.06 4.06 0 0 1 -1 5.64 4.11 4.11 0 0 1 -2.3.71h-33.72a4.06 4.06 0 0 1 -4.06-4.11 4 4 0 0 1 .72-2.24l16.84-24.54a4.05 4.05 0 0 1 5.64-1.05 4 4 0 0 1 1.04 1.05z"
            transform="scale(0.625) rotate(0) translate(-24,-22)"
          />
        </g>
      </g>
    </g>
    <g>
      <g
        className="m-ladder__vehicle on-time "
        onClick={[Function]}
        transform="translate(-63,262.5)"
      >
        <g
          className="m-vehicle-icon m-vehicle-icon--medium"
        >
          <rect
            className="m-vehicle-icon__label-background"
            height={11}
            rx={5.5}
            ry={5.5}
            width={26}
            x={-13}
            y={-22.5}
          />
          <text
            className="m-vehicle-icon__label"
            dominantBaseline="central"
            textAnchor="middle"
            x="0"
            y={-17}
          >
            downward
          </text>
          <path
            className="m-vehicle-icon__triangle"
            d="m27.34 9.46 16.84 24.54a4.06 4.06 0 0 1 -1 5.64 4.11 4.11 0 0 1 -2.3.71h-33.72a4.06 4.06 0 0 1 -4.06-4.11 4 4 0 0 1 .72-2.24l16.84-24.54a4.05 4.05 0 0 1 5.64-1.05 4 4 0 0 1 1.04 1.05z"
            transform="scale(0.625) rotate(180) translate(-24,-22)"
          />
        </g>
      </g>
    </g>
    <line
      className="m-ladder__line"
      x1={-40}
      x2={-40}
      y1="0"
      y2={420}
    />
    <line
      className="m-ladder__line"
      x1={40}
      x2={40}
      y1="0"
      y2={420}
    />
    <circle
      className="m-ladder__stop-circle"
      cx={-40}
      cy={0}
      r="3"
    />
    <circle
      className="m-ladder__stop-circle"
      cx={40}
      cy={0}
      r="3"
    />
    <text
      className="m-ladder__timepoint-name"
      dominantBaseline="middle"
      textAnchor="middle"
      x="0"
      y={0}
    >
      t2
    </text>
    <circle
      className="m-ladder__stop-circle"
      cx={-40}
      cy={210}
      r="3"
    />
    <circle
      className="m-ladder__stop-circle"
      cx={40}
      cy={210}
      r="3"
    />
    <text
      className="m-ladder__timepoint-name"
      dominantBaseline="middle"
      textAnchor="middle"
      x="0"
      y={210}
    >
      t1
    </text>
    <circle
      className="m-ladder__stop-circle"
      cx={-40}
      cy={420}
      r="3"
    />
    <circle
      className="m-ladder__stop-circle"
      cx={40}
      cy={420}
      r="3"
    />
    <text
      className="m-ladder__timepoint-name"
      dominantBaseline="middle"
      textAnchor="middle"
      x="0"
      y={420}
    >
      t0
    </text>
  </svg>
</div>
`;

exports[`ladder renders a ladder 1`] = `
<div
  className="m-ladder"
>
  <svg
    className="m-ladder__svg"
    height={500}
    viewBox="-92 -40 184 500"
    width={184}
  >
    0
    0
    <g>
      <line
        className="m-ladder__scheduled-line on-time"
        x1={-63}
        x2={-40}
        y1={262.5}
        y2={262.5}
      />
    </g>
    <g>
      <g
        className="m-ladder__vehicle on-time "
        onClick={[Function]}
        transform="translate(63,315)"
      >
        <g
          className="m-vehicle-icon m-vehicle-icon--medium"
        >
          <rect
            className="m-vehicle-icon__label-background"
            height={11}
            rx={5.5}
            ry={5.5}
            width={26}
            x={-13}
            y={11.5}
          />
          <text
            className="m-vehicle-icon__label"
            dominantBaseline="central"
            textAnchor="middle"
            x="0"
            y={17}
          >
            upward
          </text>
          <path
            className="m-vehicle-icon__triangle"
            d="m27.34 9.46 16.84 24.54a4.06 4.06 0 0 1 -1 5.64 4.11 4.11 0 0 1 -2.3.71h-33.72a4.06 4.06 0 0 1 -4.06-4.11 4 4 0 0 1 .72-2.24l16.84-24.54a4.05 4.05 0 0 1 5.64-1.05 4 4 0 0 1 1.04 1.05z"
            transform="scale(0.625) rotate(0) translate(-24,-22)"
          />
        </g>
      </g>
    </g>
    <g>
      <g
        className="m-ladder__vehicle on-time "
        onClick={[Function]}
        transform="translate(-63,0)"
      >
        <g
          className="m-vehicle-icon m-vehicle-icon--medium"
        >
          <rect
            className="m-vehicle-icon__label-background"
            height={11}
            rx={5.5}
            ry={5.5}
            width={26}
            x={-13}
            y={-22.5}
          />
          <text
            className="m-vehicle-icon__label"
            dominantBaseline="central"
            textAnchor="middle"
            x="0"
            y={-17}
          >
            notimepoint
          </text>
          <path
            className="m-vehicle-icon__triangle"
            d="m27.34 9.46 16.84 24.54a4.06 4.06 0 0 1 -1 5.64 4.11 4.11 0 0 1 -2.3.71h-33.72a4.06 4.06 0 0 1 -4.06-4.11 4 4 0 0 1 .72-2.24l16.84-24.54a4.05 4.05 0 0 1 5.64-1.05 4 4 0 0 1 1.04 1.05z"
            transform="scale(0.625) rotate(180) translate(-24,-22)"
          />
        </g>
      </g>
    </g>
    <g>
      <g
        className="m-ladder__vehicle on-time "
        onClick={[Function]}
        transform="translate(-63,262.5)"
      >
        <g
          className="m-vehicle-icon m-vehicle-icon--medium"
        >
          <rect
            className="m-vehicle-icon__label-background"
            height={11}
            rx={5.5}
            ry={5.5}
            width={26}
            x={-13}
            y={-22.5}
          />
          <text
            className="m-vehicle-icon__label"
            dominantBaseline="central"
            textAnchor="middle"
            x="0"
            y={-17}
          >
            downward
          </text>
          <path
            className="m-vehicle-icon__triangle"
            d="m27.34 9.46 16.84 24.54a4.06 4.06 0 0 1 -1 5.64 4.11 4.11 0 0 1 -2.3.71h-33.72a4.06 4.06 0 0 1 -4.06-4.11 4 4 0 0 1 .72-2.24l16.84-24.54a4.05 4.05 0 0 1 5.64-1.05 4 4 0 0 1 1.04 1.05z"
            transform="scale(0.625) rotate(180) translate(-24,-22)"
          />
        </g>
      </g>
    </g>
    <line
      className="m-ladder__line"
      x1={-40}
      x2={-40}
      y1="0"
      y2={420}
    />
    <line
      className="m-ladder__line"
      x1={40}
      x2={40}
      y1="0"
      y2={420}
    />
    <circle
      className="m-ladder__stop-circle"
      cx={-40}
      cy={0}
      r="3"
    />
    <circle
      className="m-ladder__stop-circle"
      cx={40}
      cy={0}
      r="3"
    />
    <text
      className="m-ladder__timepoint-name"
      dominantBaseline="middle"
      textAnchor="middle"
      x="0"
      y={0}
    >
      t2
    </text>
    <circle
      className="m-ladder__stop-circle"
      cx={-40}
      cy={210}
      r="3"
    />
    <circle
      className="m-ladder__stop-circle"
      cx={40}
      cy={210}
      r="3"
    />
    <text
      className="m-ladder__timepoint-name"
      dominantBaseline="middle"
      textAnchor="middle"
      x="0"
      y={210}
    >
      t1
    </text>
    <circle
      className="m-ladder__stop-circle"
      cx={-40}
      cy={420}
      r="3"
    />
    <circle
      className="m-ladder__stop-circle"
      cx={40}
      cy={420}
      r="3"
    />
    <text
      className="m-ladder__timepoint-name"
      dominantBaseline="middle"
      textAnchor="middle"
      x="0"
      y={420}
    >
      t0
    </text>
  </svg>
</div>
`;

exports[`ladder renders a ladder with no timepoints 1`] = `
<div
  className="m-ladder"
>
  <svg
    className="m-ladder__svg"
    height={500}
    viewBox="-92 -40 184 500"
    width={184}
  >
    0
    <g>
      <g
        className="m-ladder__vehicle on-time "
        onClick={[Function]}
        transform="translate(63,0)"
      >
        <g
          className="m-vehicle-icon m-vehicle-icon--medium"
        >
          <rect
            className="m-vehicle-icon__label-background"
            height={11}
            rx={5.5}
            ry={5.5}
            width={26}
            x={-13}
            y={11.5}
          />
          <text
            className="m-vehicle-icon__label"
            dominantBaseline="central"
            textAnchor="middle"
            x="0"
            y={17}
          >
            upward
          </text>
          <path
            className="m-vehicle-icon__triangle"
            d="m27.34 9.46 16.84 24.54a4.06 4.06 0 0 1 -1 5.64 4.11 4.11 0 0 1 -2.3.71h-33.72a4.06 4.06 0 0 1 -4.06-4.11 4 4 0 0 1 .72-2.24l16.84-24.54a4.05 4.05 0 0 1 5.64-1.05 4 4 0 0 1 1.04 1.05z"
            transform="scale(0.625) rotate(0) translate(-24,-22)"
          />
        </g>
      </g>
    </g>
    <line
      className="m-ladder__line"
      x1={-40}
      x2={-40}
      y1="0"
      y2={420}
    />
    <line
      className="m-ladder__line"
      x1={40}
      x2={40}
      y1="0"
      y2={420}
    />
  </svg>
</div>
`;
