// Jest Snapshot v1, https://goo.gl/fbAQLP

exports[`renders loading text 1`] = `"loading..."`;
