// Jest Snapshot v1, https://goo.gl/fbAQLP

exports[`map renders 1`] = `
<div
  className="m-vehicle-map"
  id="id-vehicle-map"
/>
`;
