// Jest Snapshot v1, https://goo.gl/fbAQLP

exports[`Presets renders current presets 1`] = `
<div
  className="m-presets-panel"
>
  <ul>
    <li>
      <div
        className="m-presets-panel__preset-button-container"
      >
        <button
          onClick={[Function]}
        >
          Another Preset
        </button>
      </div>
      <button
        className="m-close-button"
        data-testid="close-button"
        onClick={[Function]}
      >
        <span
          className=""
          dangerouslySetInnerHTML={
            Object {
              "__html": "SVG",
            }
          }
        />
      </button>
    </li>
    <li>
      <div
        className="m-presets-panel__preset-button-container"
      >
        <button
          onClick={[Function]}
        >
          My Preset
        </button>
      </div>
      <button
        className="m-close-button"
        data-testid="close-button"
        onClick={[Function]}
      >
        <span
          className=""
          dangerouslySetInnerHTML={
            Object {
              "__html": "SVG",
            }
          }
        />
      </button>
    </li>
  </ul>
  <button
    className="m-presets-panel__save-as-preset-button"
    onClick={[Function]}
  >
    <span
      className="m-presets-panel__save-as-preset-button-icon"
      dangerouslySetInnerHTML={
        Object {
          "__html": "SVG",
        }
      }
    />
    Save as preset
  </button>
</div>
`;
