// Jest Snapshot v1, https://goo.gl/fbAQLP

exports[`RecentSearches renders 1`] = `
<div
  className="m-recent-searches"
>
  <div
    className="m-recent-searches__heading"
  >
    Recent Searches
  </div>
</div>
`;
