// Jest Snapshot v1, https://goo.gl/fbAQLP

exports[`renders a route ladder 1`] = `
<div
  className="m-route-ladders"
>
  <div
    className="m-route-ladder__header"
  >
    <button
      className="m-close-button"
      onClick={[Function]}
    >
      <span
        className=""
        dangerouslySetInnerHTML={
          Object {
            "__html": "SVG",
          }
        }
      />
    </button>
    <div
      className="m-route-ladder__route-name"
    >
      1
    </div>
  </div>
  <div
    className="m-route-ladder__controls"
  >
    <button
      className="m-route-ladder__reverse"
      onClick={[Function]}
    >
      <span
        className="m-route-ladder__reverse-icon"
        dangerouslySetInnerHTML={
          Object {
            "__html": "SVG",
          }
        }
      />
      Reverse
    </button>
  </div>
  <div
    className="m-layover-box m-layover-box--top"
  />
  <div
    className="m-ladder"
    style={
      Object {
        "width": 184,
      }
    }
  >
    <svg
      className="m-ladder__svg"
      height={0}
      viewBox="-92 -20 184 0"
      width={184}
    >
      <line
        className="m-ladder__line"
        x1={-40}
        x2={-40}
        y1="0"
        y2={-40}
      />
      <line
        className="m-ladder__line"
        x1={40}
        x2={40}
        y1="0"
        y2={-40}
      />
      <g
        className="m-ladder__headway-lines"
      />
      <circle
        className="m-ladder__stop-circle"
        cx={-40}
        cy={-0}
        r="3"
      />
      <circle
        className="m-ladder__stop-circle"
        cx={40}
        cy={-0}
        r="3"
      />
      <text
        className="m-ladder__timepoint-name"
        data-event="click"
        data-tip="WASMA Name"
        dominantBaseline="middle"
        textAnchor="middle"
        x="0"
        y={-0}
      >
        WASMA
      </text>
      <circle
        className="m-ladder__stop-circle"
        cx={-40}
        cy={-20}
        r="3"
      />
      <circle
        className="m-ladder__stop-circle"
        cx={40}
        cy={-20}
        r="3"
      />
      <text
        className="m-ladder__timepoint-name"
        data-event="click"
        data-tip="MELWA Name"
        dominantBaseline="middle"
        textAnchor="middle"
        x="0"
        y={-20}
      >
        MELWA
      </text>
      <circle
        className="m-ladder__stop-circle"
        cx={-40}
        cy={-40}
        r="3"
      />
      <circle
        className="m-ladder__stop-circle"
        cx={40}
        cy={-40}
        r="3"
      />
      <text
        className="m-ladder__timepoint-name"
        data-event="click"
        data-tip="HHGAT Name"
        dominantBaseline="middle"
        textAnchor="middle"
        x="0"
        y={-40}
      >
        HHGAT
      </text>
    </svg>
    <div
      className="__react_component_tooltip place-top type-dark"
      data-id="tooltip"
    />
  </div>
  <div
    className="m-layover-box m-layover-box--bottom"
  />
  <div
    className="m-incoming-box"
  />
  <div
    className="m-route-ladder__header"
  >
    <button
      className="m-close-button"
      onClick={[Function]}
    >
      <span
        className=""
        dangerouslySetInnerHTML={
          Object {
            "__html": "SVG",
          }
        }
      />
    </button>
    <div
      className="m-route-ladder__route-name"
    >
      28
    </div>
  </div>
  <div
    className="m-route-ladder__controls"
  >
    <button
      className="m-route-ladder__reverse"
      onClick={[Function]}
    >
      <span
        className="m-route-ladder__reverse-icon"
        dangerouslySetInnerHTML={
          Object {
            "__html": "SVG",
          }
        }
      />
      Reverse
    </button>
  </div>
  <div
    className="m-layover-box m-layover-box--top"
  />
  <div
    className="m-ladder"
    style={
      Object {
        "width": 184,
      }
    }
  >
    <svg
      className="m-ladder__svg"
      height={0}
      viewBox="-92 -20 184 0"
      width={184}
    >
      <line
        className="m-ladder__line"
        x1={-40}
        x2={-40}
        y1="0"
        y2={-40}
      />
      <line
        className="m-ladder__line"
        x1={40}
        x2={40}
        y1="0"
        y2={-40}
      />
      <g
        className="m-ladder__headway-lines"
      />
      <circle
        className="m-ladder__stop-circle"
        cx={-40}
        cy={-0}
        r="3"
      />
      <circle
        className="m-ladder__stop-circle"
        cx={40}
        cy={-0}
        r="3"
      />
      <text
        className="m-ladder__timepoint-name"
        data-event="click"
        data-tip="MATPN Name"
        dominantBaseline="middle"
        textAnchor="middle"
        x="0"
        y={-0}
      >
        MATPN
      </text>
      <circle
        className="m-ladder__stop-circle"
        cx={-40}
        cy={-20}
        r="3"
      />
      <circle
        className="m-ladder__stop-circle"
        cx={40}
        cy={-20}
        r="3"
      />
      <text
        className="m-ladder__timepoint-name"
        data-event="click"
        data-tip="WELLH Name"
        dominantBaseline="middle"
        textAnchor="middle"
        x="0"
        y={-20}
      >
        WELLH
      </text>
      <circle
        className="m-ladder__stop-circle"
        cx={-40}
        cy={-40}
        r="3"
      />
      <circle
        className="m-ladder__stop-circle"
        cx={40}
        cy={-40}
        r="3"
      />
      <text
        className="m-ladder__timepoint-name"
        data-event="click"
        data-tip="MORTN Name"
        dominantBaseline="middle"
        textAnchor="middle"
        x="0"
        y={-40}
      >
        MORTN
      </text>
    </svg>
    <div
      className="__react_component_tooltip place-top type-dark"
      data-id="tooltip"
    />
  </div>
  <div
    className="m-layover-box m-layover-box--bottom"
  />
  <div
    className="m-incoming-box"
  />
</div>
`;
