// Jest Snapshot v1, https://goo.gl/fbAQLP

exports[`SearchForm renders 1`] = `
<form
  className="m-search-form"
  onSubmit={[Function]}
>
  <div
    className="m-search-form__row"
  >
    <div
      className="m-search-form__text"
    >
      <input
        autoFocus={true}
        className="m-search-form__input"
        onChange={[Function]}
        placeholder="Search"
        type="text"
        value=""
      />
      <button
        className="m-search-form__clear"
        onClick={[Function]}
        type="reset"
      >
        <span
          className=""
          dangerouslySetInnerHTML={
            Object {
              "__html": "SVG",
            }
          }
        />
      </button>
    </div>
    <button
      className="m-search-form__submit"
      disabled={true}
      onClick={[Function]}
      type="submit"
    >
      <span
        className=""
        dangerouslySetInnerHTML={
          Object {
            "__html": "SVG",
          }
        }
      />
    </button>
  </div>
  <div
    className="m-search-form__row"
  >
    <ul
      className="m-search-form__property-buttons"
    >
      <li
        className="m-search-form__property-button"
      >
        <input
          checked={true}
          className="m-search-form__property-input"
          id="property-all"
          name="property"
          onChange={[Function]}
          type="radio"
          value="all"
        />
        <label
          className="m-search-form__property-label"
          htmlFor="property-all"
        >
          all
        </label>
      </li>
      <li
        className="m-search-form__property-button"
      >
        <input
          checked={false}
          className="m-search-form__property-input"
          id="property-run"
          name="property"
          onChange={[Function]}
          type="radio"
          value="run"
        />
        <label
          className="m-search-form__property-label"
          htmlFor="property-run"
        >
          run
        </label>
      </li>
      <li
        className="m-search-form__property-button"
      >
        <input
          checked={false}
          className="m-search-form__property-input"
          id="property-vehicle"
          name="property"
          onChange={[Function]}
          type="radio"
          value="vehicle"
        />
        <label
          className="m-search-form__property-label"
          htmlFor="property-vehicle"
        >
          vehicle
        </label>
      </li>
      <li
        className="m-search-form__property-button"
      >
        <input
          checked={false}
          className="m-search-form__property-input"
          id="property-operator"
          name="property"
          onChange={[Function]}
          type="radio"
          value="operator"
        />
        <label
          className="m-search-form__property-label"
          htmlFor="property-operator"
        >
          operator
        </label>
      </li>
    </ul>
  </div>
</form>
`;
