// Jest Snapshot v1, https://goo.gl/fbAQLP

exports[`SettingsPage renders 1`] = `
<div
  className="c-page c-page--settings"
>
  <div
    className="c-page__container"
  >
    <h1
      className="c-page__title"
    >
      Settings
    </h1>
    <div
      className="c-page__section"
    >
      <h2
        className="m-settings-page__section-header"
      >
        Vehicle Settings
      </h2>
      <div
        className="m-settings-page__setting"
      >
        <div
          className="m-settings-page__setting_header"
        >
          <div
            className="m-settings-page__icon"
          >
            <span
              className="m-settings-page__icon-path"
              dangerouslySetInnerHTML={
                Object {
                  "__html": "SVG",
                }
              }
            />
          </div>
          <div
            className="m-settings-page__setting-label"
          >
            Vehicle labels on map
          </div>
        </div>
        <div
          className="m-settings-page__options-container"
        >
          <label
            className="m-settings-page__option-label-unselected"
            data-option-id="shuttle-vehicle-label-run-number"
          >
            <input
              checked={false}
              className="m-settings-page__input"
              name="shuttle-vehicle-label"
              onChange={[Function]}
              type="radio"
              value={1}
            />
            Run number
          </label>
          <label
            className="m-settings-page__option-label-selected"
            data-option-id="shuttle-vehicle-label-vehicle-number"
          >
            <input
              checked={true}
              className="m-settings-page__input"
              name="shuttle-vehicle-label"
              onChange={[Function]}
              type="radio"
              value={2}
            />
            Vehicle number
          </label>
        </div>
      </div>
      <div
        className="m-settings-page__setting"
      >
        <div
          className="m-settings-page__setting_header"
        >
          <div
            className="m-settings-page__icon"
          >
            <span
              className="m-settings-page__icon-path"
              dangerouslySetInnerHTML={
                Object {
                  "__html": "SVG",
                }
              }
            />
          </div>
          <div
            className="m-settings-page__setting-label"
          >
            Vehicle labels on route ladder
          </div>
        </div>
        <div
          className="m-settings-page__options-container"
        >
          <label
            className="m-settings-page__option-label-selected"
            data-option-id="ladder-vehicle-label-run-number"
          >
            <input
              checked={true}
              className="m-settings-page__input"
              name="ladder-vehicle-label"
              onChange={[Function]}
              type="radio"
              value={1}
            />
            Run number
          </label>
          <label
            className="m-settings-page__option-label-unselected"
            data-option-id="ladder-vehicle-label-vehicle-number"
          >
            <input
              checked={false}
              className="m-settings-page__input"
              name="ladder-vehicle-label"
              onChange={[Function]}
              type="radio"
              value={2}
            />
            Vehicle number
          </label>
        </div>
      </div>
      <div
        className="m-settings-page__setting"
      >
        <div
          className="m-settings-page__setting_header"
        >
          <div
            className="m-settings-page__icon"
          >
            <span
              className="m-settings-page__icon-path"
              dangerouslySetInnerHTML={
                Object {
                  "__html": "SVG",
                }
              }
            />
          </div>
          <div
            className="m-settings-page__setting-label"
          >
            Adherence colors
          </div>
        </div>
        <div
          className="m-settings-page__options-container"
        >
          <label
            className="m-settings-page__option-label-selected"
            data-option-id="vehicle-adherence-colors-early-red"
          >
            <input
              checked={true}
              className="m-settings-page__input"
              name="vehicle-adherence-colors"
              onChange={[Function]}
              type="radio"
              value={1}
            />
            <div>
              <div
                className="m-settings-page__vehicle-adherence-setting-row"
              >
                Early bus: Red
                <div
                  className="m-settings-page__vehicle-adherence-icon"
                >
                  <span
                    className="red"
                    dangerouslySetInnerHTML={
                      Object {
                        "__html": "SVG",
                      }
                    }
                  />
                </div>
              </div>
              <div
                className="m-settings-page__vehicle-adherence-setting-row"
              >
                Late bus: Blue
                <div
                  className="m-settings-page__vehicle-adherence-icon"
                >
                  <span
                    className="blue"
                    dangerouslySetInnerHTML={
                      Object {
                        "__html": "SVG",
                      }
                    }
                  />
                </div>
              </div>
            </div>
          </label>
          <label
            className="m-settings-page__option-label-unselected"
            data-option-id="vehicle-adherence-colors-early-blue"
          >
            <input
              checked={false}
              className="m-settings-page__input"
              name="vehicle-adherence-colors"
              onChange={[Function]}
              type="radio"
              value={2}
            />
            <div>
              <div
                className="m-settings-page__vehicle-adherence-setting-row"
              >
                Early bus: Blue
                <div
                  className="m-settings-page__vehicle-adherence-icon"
                >
                  <span
                    className="blue"
                    dangerouslySetInnerHTML={
                      Object {
                        "__html": "SVG",
                      }
                    }
                  />
                </div>
              </div>
              <div
                className="m-settings-page__vehicle-adherence-setting-row"
              >
                Late bus: Red
                <div
                  className="m-settings-page__vehicle-adherence-icon"
                >
                  <span
                    className="red"
                    dangerouslySetInnerHTML={
                      Object {
                        "__html": "SVG",
                      }
                    }
                  />
                </div>
              </div>
            </div>
          </label>
        </div>
      </div>
    </div>
  </div>
</div>
`;
