// Jest Snapshot v1, https://goo.gl/fbAQLP

exports[`ShuttlePicker renders 1`] = `
<div
  className="m-route-picker"
>
  <div
    className="m-route-picker__label"
  >
    Run #
  </div>
  <ul
    className="m-route-picker__route-list"
  >
    <li>
      <button
        className="m-route-picker__route-list-button m-route-picker__route-list-button--disabled"
        disabled={true}
        onClick={[Function]}
      >
        Special 999 555
      </button>
    </li>
    <li>
      <button
        className="m-route-picker__route-list-button m-route-picker__route-list-button--disabled"
        disabled={true}
        onClick={[Function]}
      >
        Blue 999 501
      </button>
    </li>
    <li>
      <button
        className="m-route-picker__route-list-button m-route-picker__route-list-button--disabled"
        disabled={true}
        onClick={[Function]}
      >
        Green 999 502
      </button>
    </li>
    <li>
      <button
        className="m-route-picker__route-list-button m-route-picker__route-list-button--unselected"
        disabled={false}
        onClick={[Function]}
      >
        Orange 999 503
      </button>
    </li>
    <li>
      <button
        className="m-route-picker__route-list-button m-route-picker__route-list-button--selected"
        disabled={false}
        onClick={[Function]}
      >
        Red 999 504
      </button>
    </li>
    <li>
      <button
        className="m-route-picker__route-list-button m-route-picker__route-list-button--disabled"
        disabled={true}
        onClick={[Function]}
      >
        Commuter Rail 999 505
      </button>
    </li>
    <li>
      <button
        className="m-route-picker__route-list-button m-route-picker__route-list-button--unselected"
        disabled={false}
        onClick={[Function]}
      >
        999 511
      </button>
    </li>
    <li>
      <button
        className="m-route-picker__route-list-button m-route-picker__route-list-button--selected"
        disabled={false}
        onClick={[Function]}
      >
        999 512
      </button>
    </li>
  </ul>
</div>
`;
