// Jest Snapshot v1, https://goo.gl/fbAQLP

exports[`StepperBar renders 1/3rd of the way 1`] = `
<body>
  <div>
    <div
      class="c-stepper-bar d-grid"
    >
      <svg
        fill="none"
        height="20"
        style="margin-left: -66px;"
        viewBox="0 0 66 20"
        width="66"
        xmlns="http://www.w3.org/2000/svg"
      >
        <path
          d="M64.5 16.0624H8.5L1 14.5625C1 5.3625 1.33333 2.72902 1.5 2.56228H3C3.27614 2.56228 3.4973 2.33744 3.51288 2.06174C3.57569 0.949877 3.85283 0.915105 4 1.06228H56L58.3212 1.99089C58.4393 2.03815 58.5654 2.06244 58.6926 2.06244H61C64.6222 2.06244 64.8333 11.5624 64.5 16.0624Z"
          fill="white"
          stroke="black"
          stroke-width="2"
        />
        <circle
          cx="17"
          cy="15.5625"
          fill="white"
          r="2.5"
          stroke="black"
          stroke-width="2"
        />
        <circle
          cx="55"
          cy="15.5625"
          fill="white"
          r="2.5"
          stroke="black"
          stroke-width="2"
        />
        <mask
          fill="white"
          id="path-4-inside-1_3975_16368"
        >
          <path
            d="M8 5.9375C8 5.38522 8.44772 4.9375 9 4.9375H22C22.5523 4.9375 23 5.38522 23 5.9375V8.9375C23 9.48978 22.5523 9.9375 22 9.9375H12C9.79086 9.9375 8 8.14664 8 5.9375Z"
          />
        </mask>
        <path
          d="M8 5.9375C8 5.38522 8.44772 4.9375 9 4.9375H22C22.5523 4.9375 23 5.38522 23 5.9375V8.9375C23 9.48978 22.5523 9.9375 22 9.9375H12C9.79086 9.9375 8 8.14664 8 5.9375Z"
          fill="white"
          mask="url(#path-4-inside-1_3975_16368)"
          stroke="black"
          stroke-width="4"
        />
        <mask
          fill="white"
          id="path-5-inside-2_3975_16368"
        >
          <rect
            height="6"
            rx="1"
            width="30"
            x="25"
            y="4.9375"
          />
        </mask>
        <rect
          fill="white"
          height="6"
          mask="url(#path-5-inside-2_3975_16368)"
          rx="1"
          stroke="black"
          stroke-width="4"
          width="30"
          x="25"
          y="4.9375"
        />
        <mask
          fill="white"
          id="path-6-inside-3_3975_16368"
        >
          <path
            d="M56.5 6.0625C56.5 5.51022 56.9477 5.0625 57.5 5.0625H59.5C60.6046 5.0625 61.5 5.95793 61.5 7.0625V9.0625C61.5 9.61478 61.0523 10.0625 60.5 10.0625H57.5C56.9477 10.0625 56.5 9.61478 56.5 9.0625V6.0625Z"
          />
        </mask>
        <path
          d="M56.5 6.0625C56.5 5.51022 56.9477 5.0625 57.5 5.0625H59.5C60.6046 5.0625 61.5 5.95793 61.5 7.0625V9.0625C61.5 9.61478 61.0523 10.0625 60.5 10.0625H57.5C56.9477 10.0625 56.5 9.61478 56.5 9.0625V6.0625Z"
          fill="white"
          mask="url(#path-6-inside-3_3975_16368)"
          stroke="black"
          stroke-width="4"
        />
      </svg>
      <div
        class="d-flex"
      >
        <svg
          height="8"
          width="0"
        >
          <rect
            fill="#D4D7DB"
            height="8"
            width="0"
            x="8"
          />
          <rect
            fill="#6D39AC"
            height="8"
            rx="4"
            ry="4"
            width="0"
          />
          <ellipse
            cx="-6"
            cy="4"
            fill="white"
            rx="2"
            ry="2"
          />
        </svg>
        <svg
          height="8"
          width="0"
        >
          <rect
            fill="#D4D7DB"
            height="8"
            width="8"
          />
          <rect
            fill="#D4D7DB"
            height="8"
            rx="4"
            ry="4"
            width="0"
          />
          <ellipse
            cx="-6"
            cy="4"
            fill="white"
            rx="2"
            ry="2"
          />
          <ellipse
            cx="-6"
            cy="4"
            fill="white"
            rx="2"
            ry="2"
          />
        </svg>
      </div>
    </div>
  </div>
</body>
`;

exports[`StepperBar renders when stepper bar is complete 1`] = `
<body>
  <div>
    <div
      class="c-stepper-bar d-grid"
    >
      <svg
        fill="none"
        height="20"
        style="margin-left: -66px;"
        viewBox="0 0 66 20"
        width="66"
        xmlns="http://www.w3.org/2000/svg"
      >
        <path
          d="M64.5 16.0624H8.5L1 14.5625C1 5.3625 1.33333 2.72902 1.5 2.56228H3C3.27614 2.56228 3.4973 2.33744 3.51288 2.06174C3.57569 0.949877 3.85283 0.915105 4 1.06228H56L58.3212 1.99089C58.4393 2.03815 58.5654 2.06244 58.6926 2.06244H61C64.6222 2.06244 64.8333 11.5624 64.5 16.0624Z"
          fill="white"
          stroke="black"
          stroke-width="2"
        />
        <circle
          cx="17"
          cy="15.5625"
          fill="white"
          r="2.5"
          stroke="black"
          stroke-width="2"
        />
        <circle
          cx="55"
          cy="15.5625"
          fill="white"
          r="2.5"
          stroke="black"
          stroke-width="2"
        />
        <mask
          fill="white"
          id="path-4-inside-1_3975_16368"
        >
          <path
            d="M8 5.9375C8 5.38522 8.44772 4.9375 9 4.9375H22C22.5523 4.9375 23 5.38522 23 5.9375V8.9375C23 9.48978 22.5523 9.9375 22 9.9375H12C9.79086 9.9375 8 8.14664 8 5.9375Z"
          />
        </mask>
        <path
          d="M8 5.9375C8 5.38522 8.44772 4.9375 9 4.9375H22C22.5523 4.9375 23 5.38522 23 5.9375V8.9375C23 9.48978 22.5523 9.9375 22 9.9375H12C9.79086 9.9375 8 8.14664 8 5.9375Z"
          fill="white"
          mask="url(#path-4-inside-1_3975_16368)"
          stroke="black"
          stroke-width="4"
        />
        <mask
          fill="white"
          id="path-5-inside-2_3975_16368"
        >
          <rect
            height="6"
            rx="1"
            width="30"
            x="25"
            y="4.9375"
          />
        </mask>
        <rect
          fill="white"
          height="6"
          mask="url(#path-5-inside-2_3975_16368)"
          rx="1"
          stroke="black"
          stroke-width="4"
          width="30"
          x="25"
          y="4.9375"
        />
        <mask
          fill="white"
          id="path-6-inside-3_3975_16368"
        >
          <path
            d="M56.5 6.0625C56.5 5.51022 56.9477 5.0625 57.5 5.0625H59.5C60.6046 5.0625 61.5 5.95793 61.5 7.0625V9.0625C61.5 9.61478 61.0523 10.0625 60.5 10.0625H57.5C56.9477 10.0625 56.5 9.61478 56.5 9.0625V6.0625Z"
          />
        </mask>
        <path
          d="M56.5 6.0625C56.5 5.51022 56.9477 5.0625 57.5 5.0625H59.5C60.6046 5.0625 61.5 5.95793 61.5 7.0625V9.0625C61.5 9.61478 61.0523 10.0625 60.5 10.0625H57.5C56.9477 10.0625 56.5 9.61478 56.5 9.0625V6.0625Z"
          fill="white"
          mask="url(#path-6-inside-3_3975_16368)"
          stroke="black"
          stroke-width="4"
        />
      </svg>
      <div
        class="d-flex"
      >
        <svg
          height="8"
          width="0"
        >
          <rect
            fill="#D4D7DB"
            height="8"
            width="0"
            x="8"
          />
          <rect
            fill="#6D39AC"
            height="8"
            rx="4"
            ry="4"
            width="0"
          />
          <ellipse
            cx="-6"
            cy="4"
            fill="white"
            rx="2"
            ry="2"
          />
        </svg>
        <svg
          height="8"
          width="0"
        >
          <rect
            fill="#D4D7DB"
            height="8"
            width="8"
          />
          <rect
            fill="#D4D7DB"
            height="8"
            rx="4"
            ry="4"
            width="0"
          />
          <ellipse
            cx="-6"
            cy="4"
            fill="white"
            rx="2"
            ry="2"
          />
          <ellipse
            cx="-6"
            cy="4"
            fill="white"
            rx="2"
            ry="2"
          />
        </svg>
      </div>
    </div>
  </div>
</body>
`;
