// Jest Snapshot v1, https://goo.gl/fbAQLP

exports[`BlockWaiverList renders 1`] = `
<div
  className="m-block-waiver-list"
>
  <div
    className="m-block-waiver-banner m-block-waiver-banner--past"
  >
    <div
      className="m-block-waiver-banner__header"
    >
      <span
        className="m-block-waiver-banner__alert-icon"
        dangerouslySetInnerHTML={
          Object {
            "__html": "SVG",
          }
        }
      />
      <div
        className="m-block-waiver-banner__title"
      >
        Dispatcher Note - 
        Past
      </div>
    </div>
    <table
      className="m-block-waiver-banner__details"
    >
      <tbody>
        <tr>
          <td
            className="m-block-waiver-banner__detail-label"
          >
            Reason
          </td>
          <td
            className="m-block-waiver-banner__detail-value"
          >
            E:1106
          </td>
        </tr>
        <tr>
          <td
            className="m-block-waiver-banner__detail-label m-block-waiver-banner__detail-label--start-time"
          >
            Start Time
          </td>
          <td
            className="m-block-waiver-banner__detail-value m-block-waiver-banner__detail-value--start-time"
          >
            5:05am
          </td>
        </tr>
        <tr>
          <td
            className="m-block-waiver-banner__detail-label m-block-waiver-banner__detail-label--end-time"
          >
            End Time
          </td>
          <td
            className="m-block-waiver-banner__detail-value m-block-waiver-banner__detail-value--end-time"
          >
            12:38pm
          </td>
        </tr>
      </tbody>
    </table>
  </div>
</div>
`;
